<?xml version="1.0" encoding="UTF-8"?>
<TestRun id="0277db64-5d3c-4623-82d9-9fa473e744e6" name="sempf@DROW 2011-03-01 22:48:40" runUser="Drow\sempf" xmlns="http://microsoft.com/schemas/VisualStudio/TeamTest/2010">
  <TestSettings name="Local" id="bd4798d0-2749-4312-97be-e6dd6274a829">
    <Description>These are default test settings for a local test run.</Description>
    <Deployment enabled="false" runDeploymentRoot="sempf_DROW 2011-03-01 22_48_40">
      <DeploymentItem filename="C:\Users\sempf\Documents\Visual Studio 2010\Projects\L.I\LiMembership\MeetupLibrary\bin\Debug\MeetupLibrary.dll" />
    </Deployment>
    <Execution>
      <TestTypeSpecific />
      <AgentRule name="Execution Agents">
      </AgentRule>
    </Execution>
  </TestSettings>
  <Times creation="2011-03-01T22:48:40.0746444-05:00" queuing="2011-03-01T22:48:45.2550604-05:00" start="2011-03-01T22:48:45.4890609-05:00" finish="2011-03-01T22:50:43.6160893-05:00" />
  <ResultSummary outcome="Error">
    <Counters total="1" executed="1" error="0" failed="0" timeout="0" aborted="1" inconclusive="0" passedButRunAborted="0" notRunnable="0" notExecuted="0" disconnected="0" warning="0" passed="0" completed="0" inProgress="0" pending="0" />
    <RunInfos>
      <RunInfo computerName="DROW" outcome="Error" timestamp="2011-03-01T22:50:43.6150892-05:00">
        <Text>Test host process exited unexpectedly.</Text>
      </RunInfo>
    </RunInfos>
  </ResultSummary>
  <TestDefinitions>
    <UnitTest name="MembersConstructorTest" storage="c:\users\sempf\documents\visual studio 2010\projects\l.i\limembership\limembershipo.tests\bin\debug\limembershipo.tests.dll" id="a6e4dbaa-f917-26f0-9e9b-8bfefbf0b777">
      <Execution id="6f9ec6e2-b163-4afc-bda1-23122feec93f" />
      <TestMethod codeBase="C:/Users/sempf/Documents/Visual Studio 2010/Projects/L.I/LiMembership/LiMembershipo.Tests/bin/Debug/LiMembershipo.Tests.DLL" adapterTypeName="Microsoft.VisualStudio.TestTools.TestTypes.Unit.UnitTestAdapter, Microsoft.VisualStudio.QualityTools.Tips.UnitTest.Adapter, Version=10.0.0.0, Culture=neutral, PublicKeyToken=b03f5f7f11d50a3a" className="LiMembershipo.Tests.MembersTest, LiMembershipo.Tests, Version=1.0.0.0, Culture=neutral, PublicKeyToken=null" name="MembersConstructorTest" />
    </UnitTest>
  </TestDefinitions>
  <TestLists>
    <TestList name="Results Not in a List" id="8c84fa94-04c1-424b-9868-57a2d4851a1d" />
    <TestList name="All Loaded Results" id="19431567-8539-422a-85d7-44ee4e166bda" />
  </TestLists>
  <TestEntries>
    <TestEntry testId="a6e4dbaa-f917-26f0-9e9b-8bfefbf0b777" executionId="6f9ec6e2-b163-4afc-bda1-23122feec93f" testListId="8c84fa94-04c1-424b-9868-57a2d4851a1d" />
  </TestEntries>
  <Results>
    <UnitTestResult executionId="6f9ec6e2-b163-4afc-bda1-23122feec93f" testId="a6e4dbaa-f917-26f0-9e9b-8bfefbf0b777" testName="MembersConstructorTest" computerName="DROW" duration="00:01:57.8930280" startTime="2011-03-01T22:48:45.7230613-05:00" endTime="2011-03-01T22:50:43.6160893-05:00" testType="13cdc9d9-ddb5-4fa4-a97d-d965ccfc6d4b" outcome="Aborted" testListId="8c84fa94-04c1-424b-9868-57a2d4851a1d" relativeResultsDirectory="6f9ec6e2-b163-4afc-bda1-23122feec93f">
    </UnitTestResult>
  </Results>
</TestRun>